02:15:24 **** Incremental Build of configuration Debug for project I2C_driver ****
make -j8 all 
arm-none-eabi-gcc "../drivers/Src/stm32f407xx_i2c.c" -mcpu=cortex-m4 -std=gnu11 -g3 -DDEBUG -DSTM32 -DSTM32F407G_DISC1 -DSTM32F4 -DSTM32F407VGTx -c -I../Inc -I"C:/Users/Rambo/Desktop/stm32/I2C_driver/drivers/Inc" -O0 -ffunction-sections -fdata-sections -Wall -fstack-usage -fcyclomatic-complexity -MMD -MP -MF"drivers/Src/stm32f407xx_i2c.d" -MT"drivers/Src/stm32f407xx_i2c.o" --specs=nano.specs -mfpu=fpv4-sp-d16 -mfloat-abi=hard -mthumb -o "drivers/Src/stm32f407xx_i2c.o"
arm-none-eabi-gcc "../Src/main.c" -mcpu=cortex-m4 -std=gnu11 -g3 -DDEBUG -DSTM32 -DSTM32F407G_DISC1 -DSTM32F4 -DSTM32F407VGTx -c -I../Inc -I"C:/Users/Rambo/Desktop/stm32/I2C_driver/drivers/Inc" -O0 -ffunction-sections -fdata-sections -Wall -fstack-usage -fcyclomatic-complexity -MMD -MP -MF"Src/main.d" -MT"Src/main.o" --specs=nano.specs -mfpu=fpv4-sp-d16 -mfloat-abi=hard -mthumb -o "Src/main.o"
arm-none-eabi-gcc -o "I2C_driver.elf" @"objects.list"   -mcpu=cortex-m4 -T"C:\Users\Rambo\Desktop\stm32\I2C_driver\STM32F407VGTX_FLASH.ld" --specs=nosys.specs -Wl,-Map="I2C_driver.map" -Wl,--gc-sections -static --specs=nano.specs -mfpu=fpv4-sp-d16 -mfloat-abi=hard -mthumb -Wl,--start-group -lc -lm -Wl,--end-group
Finished building target: I2C_driver.elf
 
arm-none-eabi-size  I2C_driver.elf 
arm-none-eabi-objdump -h -S I2C_driver.elf  > "I2C_driver.list"
   text	   data	    bss	    dec	    hex	filename
    652	      0	   1568	   2220	    8ac	I2C_driver.elf
Finished building: default.size.stdout
 
Finished building: I2C_driver.list
 
