23:05:15 **** Incremental Build of configuration Debug for project MCU_Interrupt ****
make -j8 all 
arm-none-eabi-gcc "../Src/main.c" -mcpu=cortex-m4 -std=gnu11 -g3 -DDEBUG -DSTM32 -DSTM32F407G_DISC1 -DSTM32F4 -DSTM32F407VGTx -c -I../Inc -O0 -ffunction-sections -fdata-sections -Wall -fstack-usage -fcyclomatic-complexity -MMD -MP -MF"Src/main.d" -MT"Src/main.o" --specs=nano.specs -mfpu=fpv4-sp-d16 -mfloat-abi=hard -mthumb -o "Src/main.o"
arm-none-eabi-gcc -o "MCU_Interrupt.elf" @"objects.list"   -mcpu=cortex-m4 -T"C:\Users\Rambo\Desktop\stm32\MCU_Interrupt\STM32F407VGTX_FLASH.ld" --specs=nosys.specs -Wl,-Map="MCU_Interrupt.map" -Wl,--gc-sections -static --specs=nano.specs -mfpu=fpv4-sp-d16 -mfloat-abi=hard -mthumb -Wl,--start-group -lc -lm -Wl,--end-group
Finished building target: MCU_Interrupt.elf
 
arm-none-eabi-size  MCU_Interrupt.elf 
arm-none-eabi-objdump -h -S MCU_Interrupt.elf  > "MCU_Interrupt.list"
   text	   data	    bss	    dec	    hex	filename
    652	      0	   1568	   2220	    8ac	MCU_Interrupt.elf
Finished building: default.size.stdout
 
Finished building: MCU_Interrupt.list
 

23:05:21 Build Finished. 0 errors, 0 warnings. (took 5s.874ms)

